// Jest Snapshot v1, https://goo.gl/fbAQLP

exports[`Navbar should render navbar correctly 1`] = `
<div
  className="nav-container"
>
  <h1>
    Math Magicians
  </h1>
  <nav>
    <ul>
      <li>
        <a
          href="/"
          onClick={[Function]}
        >
          Home
        </a>
      </li>
       
      |
       
      <li>
        <a
          href="/calculator"
          onClick={[Function]}
        >
           Calculator 
        </a>
      </li>
       
      |
       
      <li>
        <a
          href="/quotes"
          onClick={[Function]}
        >
           Quote 
        </a>
      </li>
    </ul>
  </nav>
</div>
`;
